11:02:04.896 App ctor start
11:02:04.924 App ctor init done
11:02:04.931 App ctor done
11:02:05.009 OnLaunched start
11:02:05.063 settings loaded
11:02:05.126 library init begin
11:02:05.619 library init done
11:02:05.623 audio engine created
11:02:05.626 audio configured
11:02:05.648 creating MainWindow
11:02:05.842 navigate: home
11:02:05.915 MainWindow created
11:02:05.916 activating window
11:02:06.017 window activated
11:02:06.036 wallpaper applied: C:\Users\Xeon\Pictures\server26063_light.jpg
11:02:06.041 OnLaunched completed OK
11:02:07.840 session restored: C:\CloudMusic\HOYO-MiX - 轻涟 La vaguelette.flac @00:00:00
11:02:33.578 App ctor start
11:02:33.604 App ctor init done
11:02:33.609 App ctor done
11:02:33.673 OnLaunched start
11:02:33.729 settings loaded
11:02:33.780 library init begin
11:02:34.262 library init done
11:02:34.265 audio engine created
11:02:34.267 audio configured
11:02:34.290 creating MainWindow
11:02:34.486 navigate: home
11:02:34.572 MainWindow created
11:02:34.573 activating window
11:02:34.657 window activated
11:02:34.671 wallpaper applied: C:\Users\Xeon\Pictures\server26063_light.jpg
11:02:34.674 OnLaunched completed OK
11:02:36.268 session restored: C:\CloudMusic\HOYO-MiX - 轻涟 La vaguelette.flac @00:00:00
11:06:41.509 App ctor start
11:06:41.531 App ctor init done
11:06:41.535 App ctor done
11:06:41.579 OnLaunched start
11:06:41.630 settings loaded
11:06:41.669 library init begin
11:06:42.076 library init done
11:06:42.079 audio engine created
11:06:42.081 audio configured
11:06:42.102 creating MainWindow
11:06:42.256 navigate: home
11:06:42.316 MainWindow created
11:06:42.316 activating window
11:06:42.354 window activated
11:06:42.357 wallpaper applied: C:\Users\Xeon\Pictures\server26063_light.jpg
11:06:42.358 OnLaunched completed OK
11:06:42.769 session restored: C:\CloudMusic\HOYO-MiX - 轻涟 La vaguelette.flac @00:00:00
11:06:45.252 navigate: settings
11:07:30.278 App ctor start
11:07:30.300 App ctor init done
11:07:30.305 App ctor done
11:07:30.349 OnLaunched start
11:07:30.399 settings loaded
11:07:30.439 library init begin
11:07:30.848 library init done
11:07:30.850 audio engine created
11:07:30.852 audio configured
11:07:30.873 creating MainWindow
11:07:31.040 navigate: home
11:07:31.099 MainWindow created
11:07:31.100 activating window
11:07:31.137 window activated
11:07:31.140 wallpaper applied: C:\Users\Xeon\Pictures\server26063_light.jpg
11:07:31.141 OnLaunched completed OK
11:07:31.554 session restored: C:\CloudMusic\HOYO-MiX - 轻涟 La vaguelette.flac @00:00:00
11:07:32.992 navigate: settings
11:07:43.255 App ctor start
11:07:43.275 App ctor init done
11:07:43.279 App ctor done
11:07:43.322 OnLaunched start
11:07:43.371 settings loaded
11:07:43.408 library init begin
11:07:43.824 library init done
11:07:43.827 audio engine created
11:07:43.829 audio configured
11:07:43.849 creating MainWindow
11:07:43.997 navigate: home
11:07:44.055 MainWindow created
11:07:44.056 activating window
11:07:44.085 window activated
11:07:44.088 wallpaper applied: C:\Users\Xeon\Pictures\server26063_light.jpg
11:07:44.089 OnLaunched completed OK
11:07:44.491 session restored: C:\CloudMusic\HOYO-MiX - 轻涟 La vaguelette.flac @00:00:00
11:07:47.339 navigate: settings
11:08:06.165 navigate: playing
11:12:20.567 App ctor start
11:12:20.592 App ctor init done
11:12:20.597 App ctor done
11:12:20.651 OnLaunched start
11:12:20.701 settings loaded
11:12:20.743 library init begin
11:12:21.196 library init done
11:12:21.204 audio engine created
11:12:21.206 audio configured
11:12:21.234 creating MainWindow
11:12:21.542 navigate: home
11:12:21.623 MainWindow created
11:12:21.624 activating window
11:12:21.665 window activated
11:12:21.669 wallpaper applied: C:\Users\Xeon\Pictures\server26063_light.jpg
11:12:21.670 OnLaunched completed OK
11:12:22.110 session restored: C:\CloudMusic\HOYO-MiX - 飘曳的眠梦 The Swinging Motion of the Hulls.flac @00:00:00
11:13:05.022 navigate: settings
11:13:21.705 settings defaults restored
11:13:21.708 wallpaper applied: C:\Users\Xeon\Pictures\server26063_light.jpg
11:13:23.633 wallpaper applied: C:\Users\Xeon\AppData\Local\FurinaPlayer\wallpapers\bing_20260809.jpg
11:27:06.009 App ctor start
11:27:06.032 App ctor init done
11:27:06.037 App ctor done
11:27:06.088 OnLaunched start
11:27:06.141 settings loaded
11:27:06.181 library init begin
11:27:06.594 library init done
11:27:06.597 audio engine created
11:27:06.599 audio configured
11:27:06.619 creating MainWindow
11:27:06.774 navigate: home
11:27:06.830 MainWindow created
11:27:06.831 activating window
11:27:06.890 window activated
11:27:06.945 OnLaunched completed OK
11:27:07.205 wallpaper applied: C:\Users\Xeon\AppData\Local\FurinaPlayer\wallpapers\bing_20260809.jpg
11:27:07.349 session restored: C:\CloudMusic\HOYO-MiX - 飘曳的眠梦 The Swinging Motion of the Hulls.flac @00:00:00
11:27:09.453 navigate: settings
11:27:18.550 wallpaper applied: C:\Users\Xeon\Pictures\server26063_light.jpg
11:27:21.667 navigate: dsp
11:34:02.868 App ctor start
11:34:02.889 App ctor init done
11:34:02.894 App ctor done
11:34:02.939 OnLaunched start
11:34:02.986 settings loaded
11:34:03.026 library init begin
11:34:03.470 library init done
11:34:03.473 audio engine created
11:34:03.475 audio configured
11:34:03.494 creating MainWindow
11:34:03.646 navigate: home
11:34:03.704 MainWindow created
11:34:03.705 activating window
11:34:03.758 window activated
11:34:03.763 wallpaper applied: C:\Users\Xeon\Pictures\server26063_light.jpg
11:34:03.764 OnLaunched completed OK
11:34:04.074 session restored: C:\CloudMusic\HOYO-MiX - 飘曳的眠梦 The Swinging Motion of the Hulls.flac @00:01:44.6670000
11:34:05.599 navigate: dsp
11:34:09.581 navigate: editor
11:34:13.107 navigate: dsp
13:08:19.323 App ctor start
13:08:19.342 App ctor init done
13:08:19.346 App ctor done
13:08:19.386 OnLaunched start
13:08:19.433 settings loaded
13:08:19.469 library init begin
13:08:19.860 library init done
13:08:19.862 audio engine created
13:08:19.864 audio configured
13:08:19.882 creating MainWindow
13:08:20.014 navigate: home
13:08:20.064 MainWindow created
13:08:20.065 activating window
13:08:20.131 window activated
13:08:20.136 wallpaper applied: C:\Users\Xeon\Pictures\server26063_light.jpg
13:08:20.137 OnLaunched completed OK
13:08:20.347 session restored: C:\CloudMusic\HOYO-MiX - 飘曳的眠梦 The Swinging Motion of the Hulls.flac @00:01:44.6670000
13:08:22.154 navigate: dsp
13:24:27.847 App ctor start
13:24:27.868 App ctor init done
13:24:27.872 App ctor done
13:24:27.910 OnLaunched start
13:24:27.956 settings loaded
13:24:27.992 library init begin
13:24:28.382 library init done
13:24:28.385 audio engine created
13:24:28.387 audio configured
13:24:28.405 creating MainWindow
13:24:28.536 navigate: home
13:24:28.584 MainWindow created
13:24:28.585 activating window
13:24:28.635 window activated
13:24:28.638 wallpaper applied: C:\Users\Xeon\Pictures\server26063_light.jpg
13:24:28.639 OnLaunched completed OK
13:24:28.861 session restored: C:\CloudMusic\HOYO-MiX - 飘曳的眠梦 The Swinging Motion of the Hulls.flac @00:01:44.6670000
13:24:30.790 navigate: dsp
13:28:29.649 navigate: playing
13:28:30.468 navigate: home
13:28:47.297 navigate: dsp
13:31:10.939 navigate: settings
13:39:40.570 navigate: editor
14:40:06.105 App ctor start
14:40:06.124 App ctor init done
14:40:06.128 App ctor done
14:40:06.168 OnLaunched start
14:40:06.215 settings loaded
14:40:06.252 library init begin
14:40:06.642 library init done
14:40:06.644 audio engine created
14:40:06.646 audio configured
14:40:06.666 creating MainWindow
14:40:06.852 navigate: home
14:40:06.904 MainWindow created
14:40:06.905 activating window
14:40:06.961 window activated
14:40:06.965 wallpaper applied: C:\Users\Xeon\Pictures\server26063_light.jpg
14:40:06.966 OnLaunched completed OK
14:40:07.379 session restored: C:\CloudMusic\HOYO-MiX - 飘曳的眠梦 The Swinging Motion of the Hulls.flac @00:01:44.6670000
14:40:08.646 navigate: dsp
14:49:03.905 navigate: editor
