11:02:05.622 session created
11:02:07.838 PrepareRestore OK @00:00:00
11:02:34.264 session created
11:02:36.267 PrepareRestore OK @00:00:00
11:06:42.078 session created
11:06:42.769 PrepareRestore OK @00:00:00
11:07:30.849 session created
11:07:31.553 PrepareRestore OK @00:00:00
11:07:43.826 session created
11:07:44.490 PrepareRestore OK @00:00:00
11:08:16.622 Play: resume restored session
11:10:46.200 PlayTrack: C:\CloudMusic\HOYO-MiX - 飘曳的眠梦 The Swinging Motion of the Hulls.flac
11:11:00.933 Play: paused but different track requested, switching track
11:12:21.198 session created
11:12:22.110 PrepareRestore OK @00:00:00
11:27:06.596 session created
11:27:07.348 PrepareRestore OK @00:00:00
11:27:53.937 Play: resume restored session
11:27:55.661 RefreshPlaybackPath: vst3 -> naudio
11:27:55.668 StartRenderedPlayback: C:\CloudMusic\HOYO-MiX - 飘曳的眠梦 The Swinging Motion of the Hulls.flac
11:27:56.526 Rendered playback started: C:\Users\Xeon\AppData\Local\Temp\FurinaPlayer_Render\render_6_a92209f1.wav
11:29:43.740 RefreshPlaybackPath: vst3 -> vlc
11:29:43.742 PlayTrack: C:\CloudMusic\张韶涵,HOYO-MiX - 昔涟.flac
11:34:03.472 session created
11:34:03.493 RefreshPlaybackPath: vst3 -> naudio
11:34:04.073 PrepareRestore OK @00:01:44.6670000
13:08:19.861 session created
13:08:19.881 RefreshPlaybackPath: vst3 -> naudio
13:08:20.347 PrepareRestore OK @00:01:44.6670000
13:24:28.384 session created
13:24:28.404 RefreshPlaybackPath: vst3 -> naudio
13:24:28.860 PrepareRestore OK @00:01:44.6670000
13:28:32.540 Play: resume restored session
13:28:35.022 Play: already playing same track, ignored
13:28:35.175 Play: already playing same track, ignored
13:28:36.841 PlayTrack: C:\CloudMusic\HOYO-MiX - 神女劈观·唤情 Devastation and Redemption.flac
13:28:36.970 OpenCurrent OK (naudio): C:\CloudMusic\HOYO-MiX - 神女劈观·唤情 Devastation and Redemption.flac
13:28:36.970 Play: playing (naudio)
13:28:37.872 PlayTrack: C:\CloudMusic\HOYO-MiX - 轻涟 La vaguelette.flac
13:28:37.982 OpenCurrent OK (naudio): C:\CloudMusic\HOYO-MiX - 轻涟 La vaguelette.flac
13:28:37.982 Play: playing (naudio)
13:28:38.581 PlayTrack: C:\CloudMusic\HOYO-MiX - 飘曳的眠梦 The Swinging Motion of the Hulls.flac
13:28:38.680 OpenCurrent OK (naudio): C:\CloudMusic\HOYO-MiX - 飘曳的眠梦 The Swinging Motion of the Hulls.flac
13:28:38.680 Play: playing (naudio)
13:28:39.196 PlayTrack: C:\CloudMusic\张韶涵,HOYO-MiX - 昔涟.flac
13:28:39.326 OpenCurrent OK (naudio): C:\CloudMusic\张韶涵,HOYO-MiX - 昔涟.flac
13:28:39.326 Play: playing (naudio)
13:28:39.826 PlayTrack: C:\CloudMusic\Cassie Wei,HOYO-MiX - Ripples of Past Reverie.flac
13:28:39.927 OpenCurrent OK (naudio): C:\CloudMusic\Cassie Wei,HOYO-MiX - Ripples of Past Reverie.flac
13:28:39.928 Play: playing (naudio)
13:28:40.969 PlayTrack: C:\CloudMusic\Kokoro-Igusa - 地平线4：A Moment Apart4-ODESZA.flac
13:28:41.107 OpenCurrent OK (naudio): C:\CloudMusic\Kokoro-Igusa - 地平线4：A Moment Apart4-ODESZA.flac
13:28:41.107 Play: playing (naudio)
13:28:42.392 PlayTrack: C:\Users\Xeon\Downloads\Rebirth.mp3
13:28:42.522 OpenCurrent OK (naudio): C:\Users\Xeon\Downloads\Rebirth.mp3
13:28:42.522 Play: playing (naudio)
13:28:43.068 PlayTrack: C:\Users\Xeon\Downloads\Forza Horizon,Milk Talk - Enchanting Stranger.mp3
13:28:43.168 OpenCurrent OK (naudio): C:\Users\Xeon\Downloads\Forza Horizon,Milk Talk - Enchanting Stranger.mp3
13:28:43.168 Play: playing (naudio)
14:40:06.643 session created
14:40:06.665 RefreshPlaybackPath: vst3 -> naudio
14:40:07.379 PrepareRestore OK @00:01:44.6670000
